// Jest Snapshot v1, https://goo.gl/fbAQLP

exports[`Testing SearchSelect component renders correctly 1`] = `
<select
  className="control"
  data-testid="select"
  onChange={[MockFunction]}
>
  <option
    data-testid="select-option"
  >
    Select a search engine
  </option>
  <option
    data-testid="select-option"
    value="google"
  >
    Google
  </option>
  <option
    data-testid="select-option"
    value="bing"
  >
    Bing
  </option>
  <option
    data-testid="select-option"
    value="both"
  >
    Google / Bing
  </option>
</select>
`;
